The target system is: Generic - 3.7.99 - arm
The host system is: Linux - 6.17.0-35-generic - x86_64
Compiling the C compiler identification source file "CMakeCCompilerId.c" succeeded.
Compiler: /home/goodbyte/ncs/toolchains/b77d8c1312/opt/zephyr-sdk/arm-zephyr-eabi/bin/arm-zephyr-eabi-gcc 
Build flags: 
Id flags: -c 

The output was:
0


Compilation of the C compiler identification source "CMakeCCompilerId.c" produced "CMakeCCompilerId.o"

The C compiler identification is GNU, found in "/home/goodbyte/projects/workspace_zigbee/zigbee-coordinator/build/zigbee-coordinator/CMakeFiles/3.21.0/CompilerIdC/CMakeCCompilerId.o"

Compiling the CXX compiler identification source file "CMakeCXXCompilerId.cpp" succeeded.
Compiler: /home/goodbyte/ncs/toolchains/b77d8c1312/opt/zephyr-sdk/arm-zephyr-eabi/bin/arm-zephyr-eabi-g++ 
Build flags: 
Id flags: -c 

The output was:
0


Compilation of the CXX compiler identification source "CMakeCXXCompilerId.cpp" produced "CMakeCXXCompilerId.o"

The CXX compiler identification is GNU, found in "/home/goodbyte/projects/workspace_zigbee/zigbee-coordinator/build/zigbee-coordinator/CMakeFiles/3.21.0/CompilerIdCXX/CMakeCXXCompilerId.o"

Checking whether the ASM compiler is GNU using "--version" matched "(GNU assembler)|(GCC)|(Free Software Foundation)":
arm-zephyr-eabi-gcc (Zephyr SDK 0.17.0) 12.2.0
Copyright (C) 2022 Free Software Foundation, Inc.
This is free software; see the source for copying conditions.  There is NO
warranty; not even for MERCHANTABILITY or FITNESS FOR A PARTICULAR PURPOSE.

Performing C SOURCE FILE Test check_C__nostartfiles__nostdlib__isystem___home_goodbyte_ncs_toolchains_b77d8c1312_opt_zephyr_sdk_arm_zephyr_eabi_bin____lib_gcc_arm_zephyr_eabi_12_2_0_include___isystem___home_goodbyte_ncs_toolchains_b77d8c1312_opt_zephyr_sdk_arm_zephyr_eabi_bin____lib_gcc_arm_zephyr_eabi_12_2_0_include_fixed___Wl___unresolved_symbols_ignore_in_object_files__Wl___entry_0__fuse_ld_bfd__mcpu_cortex_m4__mthumb__mabi_aapcs__mfpu_fpv4_sp_d16__mfloat_abi_hard__mfp16_format_ieee__fuse_ld_bfd succeeded with the following output:
Change Dir: /home/goodbyte/projects/workspace_zigbee/zigbee-coordinator/build/zigbee-coordinator/CMakeFiles/CMakeTmp

Run Build Command(s):/home/goodbyte/ncs/toolchains/b77d8c1312/usr/local/bin/ninja cmTC_33625 && [1/2] Building C object CMakeFiles/cmTC_33625.dir/src.c.obj
[2/2] Linking C executable cmTC_33625


Source file was:
int main(void) { return 0; }
Performing C SOURCE FILE Test check_fmacro_prefix_map__home_goodbyte_projects_workspace_zigbee_zigbee_coordinator_CMAKE_SOURCE_DIR_C__nostartfiles__nostdlib__isystem___home_goodbyte_ncs_toolchains_b77d8c1312_opt_zephyr_sdk_arm_zephyr_eabi_bin____lib_gcc_arm_zephyr_eabi_12_2_0_include___isystem___home_goodbyte_ncs_toolchains_b77d8c1312_opt_zephyr_sdk_arm_zephyr_eabi_bin____lib_gcc_arm_zephyr_eabi_12_2_0_include_fixed___Wl___unresolved_symbols_ignore_in_object_files__Wl___entry_0__fuse_ld_bfd succeeded with the following output:
Change Dir: /home/goodbyte/projects/workspace_zigbee/zigbee-coordinator/build/zigbee-coordinator/CMakeFiles/CMakeTmp

Run Build Command(s):/home/goodbyte/ncs/toolchains/b77d8c1312/usr/local/bin/ninja cmTC_75cf3 && [1/2] Building C object CMakeFiles/cmTC_75cf3.dir/src.c.obj
[2/2] Linking C executable cmTC_75cf3


Source file was:
int main(void) { return 0; }
